 +-----------------------------------------------------------------+
 +                         Program ALM                             +
 +                             Ver.  1.0.2                         +
 +-----------------------------------------------------------------+

 Number of OpenMP threads = 32

 Job started at Fri Mar  2 09:25:14 2018


 Input variables:
 -------------------------------------------------------------------
 General:
  PREFIX = silicon
  MODE = fitting
  NAT = 8; NKD = 1
  NSYM = 0; PRINTSYM = 0; TOLERANCE = 1e-06
  KD =   Si
  PERIODIC =   1  1  1
  MAGMOM = 
  HESSIAN = 0

 Interaction:
  NORDER = 1
  NBODY =   2

 Fitting:
  DFILE = disp.dat
  FFILE = force.dat
  NDATA = 1001; NSTART = 2; NEND = 1001; NSKIP = 0
  NBOOT = 0
  MULTDAT = 1
  ICONST = 1
  ROTAXIS = 
  FC2XML = 
  FC3XML = 

 -------------------------------------------------------------------

 SYSTEM
 ======

  Lattice Vector
    1.035750e+01   0.000000e+00   0.000000e+00 : a1
    0.000000e+00   1.035750e+01   0.000000e+00 : a2
    0.000000e+00   0.000000e+00   1.035750e+01 : a3

  Cell volume = 1.111130e+03 (a.u)^3

  Reciprocal Lattice Vector
    6.066315e-01   0.000000e+00   0.000000e+00 : b1
    0.000000e+00   6.066315e-01   0.000000e+00 : b2
    0.000000e+00   0.000000e+00   6.066315e-01 : b3

  Atomic species:
     1   Si

  Atomic positions in fractional basis and atomic species
     1   1.250000e-01   1.250000e-01   1.250000e-01    1
     2   1.250000e-01   6.250000e-01   6.250000e-01    1
     3   6.250000e-01   1.250000e-01   6.250000e-01    1
     4   6.250000e-01   6.250000e-01   1.250000e-01    1
     5   3.750000e-01   3.750000e-01   3.750000e-01    1
     6   3.750000e-01   8.750000e-01   8.750000e-01    1
     7   8.750000e-01   3.750000e-01   8.750000e-01    1
     8   8.750000e-01   8.750000e-01   3.750000e-01    1


  Time Elapsed: 0.006891 sec.

 -------------------------------------------------------------------

 SYMMETRY
 ========

  NSYM = 0 : Trying to find symmetry operations.
             Please be patient. 
             This can take a while for a large supercell.

  Number of symmetry operations = 192
  Given system is not primitive cell.
  There are     4 translation operations.
  Primitive cell contains 2 atoms

  **Cell-Atom Correspondens Below**
  CELL |  ATOM
     1 |     1    5
     2 |     2    6
     3 |     3    7
     4 |     4    8

  Time Elapsed: 0.031871 sec.

 -------------------------------------------------------------------

 INTERACTION
 ===========

  +++ Cutoff Radii Matrix in Bohr Unit (NKD x NKD matrix) +++
   HARMONIC
     None


  List of neighboring atoms below.
  Format [N th-nearest shell, distance in Bohr (Number of atoms on the shell)]

    1 ( Si):   1   4.48493 (  4) -   5( Si)   6( Si)   7( Si)   8( Si)
               2   7.32386 (  3) -   2( Si)   3( Si)   4( Si)

    5 ( Si):   1   4.48493 (  4) -   1( Si)   2( Si)   3( Si)   4( Si)
               2   7.32386 (  3) -   6( Si)   7( Si)   8( Si)


  List of interacting atom pairs considered for each order:

   ***HARMONIC***
    Atom     1( Si) interacts with atoms ... 
       1( Si)    2( Si)    3( Si)    4( Si)    5( Si)    6( Si)
       7( Si)    8( Si)

    Number of total interaction pairs = 8

    Atom     5( Si) interacts with atoms ... 
       1( Si)    2( Si)    3( Si)    4( Si)    5( Si)    6( Si)
       7( Si)    8( Si)

    Number of total interaction pairs = 8


  Time Elapsed: 0.032402 sec.

 -------------------------------------------------------------------

 FORCE CONSTANT
 ==============


  Number of  HARMONIC FCs : 5

  Time Elapsed: 0.033365 sec.

 -------------------------------------------------------------------

 CONSTRAINT
 ==========

  ICONST = 1: Constraints for translational invariance
              will be considered.

  Generating constraints for translational invariance ...
   HARMONIC ... done.
  Finished !

  Number of constraints [T-inv, R-inv (self), R-inv (cross)]:
   HARMONIC    1    0    0

  Constraints of T-inv and R-inv (self) are merged.
  If there are redundant constraints, they are removed in this process.

  Number of inequivalent constraints (self, cross) : 
   HARMONIC    1    0

  Total number of constraints = 1

  Time Elapsed: 0.033867 sec.

 -------------------------------------------------------------------

 FITTING
 =======

  Reference files
   Displacement: disp.dat
   Force       : force.dat

  NSTART = 2; NEND = 1001
  1000 entries will be used for fitting.

  MULTDAT = 1: Generate symmetrically equivalent displacement-force 
               data sets by using pure translational operations only.

  Total Number of Parameters : 5

  Calculation of matrix elements for direct fitting started ... done!

  Entering fitting routine: QRD with constraints
  QR-Decomposition has started ... finished. 

  Residual sum of squares for the solution: 0.527891
  Fitting error (%) : 16.6734

  Time Elapsed: 0.130094 sec.

 -------------------------------------------------------------------

 The following files are created:

 Force constants in a human-readable format : silicon.fcs
 Input data for the phonon code ANPHON      : silicon.xml


 Job finished at Fri Mar  2 09:25:14 2018

