































































































































Auto processor grid settings: npes=128 PE_X=8 PE_Y=4 PE_Z=4
RMG running with 1 threads set via OMP_NUM_THREADS.
C4: Numa aware allocation with 32 MPI procs, 36 cores and 2 numa nodes per host.

               * * * * * * * * * *
               *    R   M   G    *
               * * * * * * * * * *

 -- A Real Space Multigrid Electronic structure code --
 --      More information at www.rmgdft.org          --

 quench: [md:   0/1000  scf:   0/200  step time:  35.93  scf time:    37.71 secs  RMS[dV]: 7.55e-03 ]
 quench: [md:   0/1000  scf:   1/200  step time:  41.21  scf time:    78.92 secs  RMS[dV]: 1.97e-02 ]
 quench: [md:   0/1000  scf:   2/200  step time:  37.56  scf time:   116.48 secs  RMS[dV]: 1.39e-02 ]
 quench: [md:   0/1000  scf:   3/200  step time:  38.58  scf time:   155.07 secs  RMS[dV]: 7.49e-03 ]
 quench: [md:   0/1000  scf:   4/200  step time:  37.06  scf time:   192.12 secs  RMS[dV]: 3.61e-03 ]
 quench: [md:   0/1000  scf:   5/200  step time:  39.72  scf time:   232.85 secs  RMS[dV]: 1.66e-03 ]
 quench: [md:   0/1000  scf:   6/200  step time:  40.53  scf time:   273.38 secs  RMS[dV]: 7.67e-04 ]
 quench: [md:   0/1000  scf:   7/200  step time:  40.61  scf time:   314.00 secs  RMS[dV]: 3.69e-04 ]
 quench: [md:   0/1000  scf:   8/200  step time:  39.89  scf time:   353.88 secs  RMS[dV]: 1.85e-04 ]
 quench: [md:   0/1000  scf:   9/200  step time:  40.14  scf time:   394.03 secs  RMS[dV]: 9.59e-05 ]
 quench: [md:   0/1000  scf:  10/200  step time:  38.26  scf time:   433.45 secs  RMS[dV]: 5.01e-05 ]
 quench: [md:   0/1000  scf:  11/200  step time:  40.36  scf time:   473.81 secs  RMS[dV]: 2.62e-05 ]
 quench: [md:   0/1000  scf:  12/200  step time:  42.34  scf time:   516.15 secs  RMS[dV]: 1.37e-05 ]
 quench: [md:   0/1000  scf:  13/200  step time:  42.80  scf time:   558.94 secs  RMS[dV]: 7.20e-06 ]
 quench: [md:   0/1000  scf:  14/200  step time:  39.50  scf time:   598.44 secs  RMS[dV]: 3.84e-06 ]
 quench: [md:   0/1000  scf:  15/200  step time:  40.46  scf time:   639.87 secs  RMS[dV]: 2.10e-06 ]
 quench: [md:   0/1000  scf:  16/200  step time:  39.51  scf time:   679.38 secs  RMS[dV]: 1.23e-06 ]
 quench: [md:   0/1000  scf:  17/200  step time:  40.48  scf time:   719.86 secs  RMS[dV]: 8.05e-07 ]
 quench: [md:   0/1000  scf:  18/200  step time:  38.75  scf time:   758.61 secs  RMS[dV]: 6.07e-07 ]
 quench: [md:   0/1000  scf:  19/200  step time:  40.83  scf time:   799.44 secs  RMS[dV]: 5.11e-07 ]
 quench: [md:   0/1000  scf:  20/200  step time:  36.36  scf time:   836.72 secs  RMS[dV]: 4.56e-07 ]
 quench: [md:   0/1000  scf:  21/200  step time:  40.60  scf time:   877.32 secs  RMS[dV]: 4.18e-07 ]
 quench: [md:   0/1000  scf:  22/200  step time:  41.56  scf time:   918.88 secs  RMS[dV]: 3.87e-07 ]
 quench: [md:   0/1000  scf:  23/200  step time:  38.91  scf time:   957.79 secs  RMS[dV]: 3.61e-07 ]
 quench: [md:   0/1000  scf:  24/200  step time:  37.88  scf time:   995.67 secs  RMS[dV]: 3.36e-07 ]
 quench: [md:   0/1000  scf:  25/200  step time:  35.54  scf time:  1032.08 secs  RMS[dV]: 3.14e-07 ]
 quench: [md:   0/1000  scf:  26/200  step time:  40.91  scf time:  1072.99 secs  RMS[dV]: 2.93e-07 ]
 quench: [md:   0/1000  scf:  27/200  step time:  38.93  scf time:  1111.92 secs  RMS[dV]: 2.74e-07 ]
 quench: [md:   0/1000  scf:  28/200  step time:  38.09  scf time:  1150.01 secs  RMS[dV]: 2.56e-07 ]
 quench: [md:   0/1000  scf:  29/200  step time:  36.99  scf time:  1187.00 secs  RMS[dV]: 2.39e-07 ]
 quench: [md:   0/1000  scf:  30/200  step time:  38.70  scf time:  1226.72 secs  RMS[dV]: 2.23e-07 ]
 quench: [md:   0/1000  scf:  31/200  step time:  39.13  scf time:  1265.85 secs  RMS[dV]: 2.08e-07 ]
 quench: [md:   0/1000  scf:  32/200  step time:  39.00  scf time:  1304.84 secs  RMS[dV]: 1.95e-07 ]
 quench: [md:   0/1000  scf:  33/200  step time:  41.41  scf time:  1346.25 secs  RMS[dV]: 1.82e-07 ]
 quench: [md:   0/1000  scf:  34/200  step time:  41.25  scf time:  1387.51 secs  RMS[dV]: 1.70e-07 ]
 quench: [md:   0/1000  scf:  35/200  step time:  38.90  scf time:  1427.30 secs  RMS[dV]: 1.59e-07 ]
 quench: [md:   0/1000  scf:  36/200  step time:  40.85  scf time:  1468.15 secs  RMS[dV]: 1.49e-07 ]
 quench: [md:   0/1000  scf:  37/200  step time:  41.03  scf time:  1509.18 secs  RMS[dV]: 1.39e-07 ]
 quench: [md:   0/1000  scf:  38/200  step time:  41.61  scf time:  1550.79 secs  RMS[dV]: 1.30e-07 ]
 quench: [md:   0/1000  scf:  39/200  step time:  41.34  scf time:  1592.14 secs  RMS[dV]: 1.21e-07 ]
 quench: [md:   0/1000  scf:  40/200  step time:  38.78  scf time:  1631.88 secs  RMS[dV]: 1.13e-07 ]
 quench: [md:   0/1000  scf:  41/200  step time:  39.01  scf time:  1670.89 secs  RMS[dV]: 1.06e-07 ]
 Convergence criterion reached: potential RMS (9.89e-08) is lower than threshold (1.00e-07)
 quench: [md:   0/1000  scf:  42/200  step time:  38.12  scf time:  1709.01 secs  RMS[dV]: 9.89e-08 ]
 quench: [md:   0/1000  scf:   0/200  step time:  40.70  scf time:    41.54 secs  RMS[dV]: 5.61e-03 ]
 quench: [md:   0/1000  scf:   1/200  step time:  38.52  scf time:    80.06 secs  RMS[dV]: 1.19e-03 ]
 quench: [md:   0/1000  scf:   2/200  step time:  40.84  scf time:   120.91 secs  RMS[dV]: 6.62e-04 ]
 quench: [md:   0/1000  scf:   3/200  step time:  40.42  scf time:   161.33 secs  RMS[dV]: 5.92e-04 ]
 quench: [md:   0/1000  scf:   4/200  step time:  42.82  scf time:   204.15 secs  RMS[dV]: 2.68e-04 ]
 quench: [md:   0/1000  scf:   5/200  step time:  38.66  scf time:   243.87 secs  RMS[dV]: 2.06e-04 ]
 quench: [md:   0/1000  scf:   6/200  step time:  39.92  scf time:   283.79 secs  RMS[dV]: 7.39e-05 ]
 quench: [md:   0/1000  scf:   7/200  step time:  38.51  scf time:   322.30 secs  RMS[dV]: 6.76e-05 ]
 quench: [md:   0/1000  scf:   8/200  step time:  38.99  scf time:   361.30 secs  RMS[dV]: 3.60e-05 ]
 quench: [md:   0/1000  scf:   9/200  step time:  43.42  scf time:   404.72 secs  RMS[dV]: 1.67e-05 ]
 quench: [md:   0/1000  scf:  10/200  step time:  40.32  scf time:   445.98 secs  RMS[dV]: 1.55e-05 ]
 quench: [md:   0/1000  scf:  11/200  step time:  42.75  scf time:   488.73 secs  RMS[dV]: 6.45e-06 ]
 quench: [md:   0/1000  scf:  12/200  step time:  40.03  scf time:   528.76 secs  RMS[dV]: 5.91e-06 ]
 quench: [md:   0/1000  scf:  13/200  step time:  42.99  scf time:   571.75 secs  RMS[dV]: 2.77e-06 ]
 quench: [md:   0/1000  scf:  14/200  step time:  44.01  scf time:   615.77 secs  RMS[dV]: 2.26e-06 ]
 quench: [md:   0/1000  scf:  15/200  step time:  46.06  scf time:   662.74 secs  RMS[dV]: 1.65e-06 ]
 quench: [md:   0/1000  scf:  16/200  step time:  43.56  scf time:   706.30 secs  RMS[dV]: 1.14e-06 ]
 quench: [md:   0/1000  scf:  17/200  step time:  43.41  scf time:   749.72 secs  RMS[dV]: 1.03e-06 ]
 quench: [md:   0/1000  scf:  18/200  step time:  45.60  scf time:   795.31 secs  RMS[dV]: 8.38e-07 ]
 quench: [md:   0/1000  scf:  19/200  step time:  45.37  scf time:   840.69 secs  RMS[dV]: 7.25e-07 ]
 quench: [md:   0/1000  scf:  20/200  step time:  42.84  scf time:   885.00 secs  RMS[dV]: 6.39e-07 ]
 quench: [md:   0/1000  scf:  21/200  step time:  45.88  scf time:   930.88 secs  RMS[dV]: 5.70e-07 ]
 quench: [md:   0/1000  scf:  22/200  step time:  43.43  scf time:   974.31 secs  RMS[dV]: 5.17e-07 ]
 quench: [md:   0/1000  scf:  23/200  step time:  43.43  scf time:  1017.74 secs  RMS[dV]: 4.70e-07 ]
 quench: [md:   0/1000  scf:  24/200  step time:  42.06  scf time:  1059.80 secs  RMS[dV]: 4.30e-07 ]
 quench: [md:   0/1000  scf:  25/200  step time:  42.30  scf time:  1102.82 secs  RMS[dV]: 3.95e-07 ]
 quench: [md:   0/1000  scf:  26/200  step time:  41.69  scf time:  1144.50 secs  RMS[dV]: 3.64e-07 ]
 quench: [md:   0/1000  scf:  27/200  step time:  40.66  scf time:  1185.17 secs  RMS[dV]: 3.37e-07 ]
 quench: [md:   0/1000  scf:  28/200  step time:  40.39  scf time:  1225.56 secs  RMS[dV]: 3.12e-07 ]
 quench: [md:   0/1000  scf:  29/200  step time:  42.71  scf time:  1268.27 secs  RMS[dV]: 2.90e-07 ]
 quench: [md:   0/1000  scf:  30/200  step time:  39.25  scf time:  1308.56 secs  RMS[dV]: 2.70e-07 ]
 quench: [md:   0/1000  scf:  31/200  step time:  41.72  scf time:  1350.28 secs  RMS[dV]: 2.52e-07 ]
 quench: [md:   0/1000  scf:  32/200  step time:  41.64  scf time:  1391.92 secs  RMS[dV]: 2.35e-07 ]
 quench: [md:   0/1000  scf:  33/200  step time:  43.87  scf time:  1435.79 secs  RMS[dV]: 2.19e-07 ]
 quench: [md:   0/1000  scf:  34/200  step time:  42.42  scf time:  1478.21 secs  RMS[dV]: 2.04e-07 ]
 quench: [md:   0/1000  scf:  35/200  step time:  39.07  scf time:  1518.30 secs  RMS[dV]: 1.91e-07 ]
 quench: [md:   0/1000  scf:  36/200  step time:  41.73  scf time:  1560.03 secs  RMS[dV]: 1.78e-07 ]
 quench: [md:   0/1000  scf:  37/200  step time:  41.86  scf time:  1601.89 secs  RMS[dV]: 1.67e-07 ]
 quench: [md:   0/1000  scf:  38/200  step time:  41.80  scf time:  1643.69 secs  RMS[dV]: 1.56e-07 ]
 quench: [md:   0/1000  scf:  39/200  step time:  38.13  scf time:  1681.82 secs  RMS[dV]: 1.46e-07 ]
 quench: [md:   0/1000  scf:  40/200  step time:  43.91  scf time:  1726.76 secs  RMS[dV]: 1.37e-07 ]
 quench: [md:   0/1000  scf:  41/200  step time:  44.18  scf time:  1770.94 secs  RMS[dV]: 1.28e-07 ]
 quench: [md:   0/1000  scf:  42/200  step time:  43.16  scf time:  1814.10 secs  RMS[dV]: 1.20e-07 ]
 quench: [md:   0/1000  scf:  43/200  step time:  44.83  scf time:  1858.93 secs  RMS[dV]: 1.12e-07 ]
 quench: [md:   0/1000  scf:  44/200  step time:  38.77  scf time:  1897.71 secs  RMS[dV]: 1.05e-07 ]
 Convergence criterion reached: potential RMS (9.81e-08) is lower than threshold (1.00e-07)
 quench: [md:   0/1000  scf:  45/200  step time:  42.18  scf time:  1940.82 secs  RMS[dV]: 9.81e-08 ]
 quench: [md:   1/1000  scf:   0/200  step time:  39.66  scf time:    40.55 secs  RMS[dV]: 5.57e-03 ]
 quench: [md:   1/1000  scf:   1/200  step time:  46.07  scf time:    86.63 secs  RMS[dV]: 1.18e-03 ]
 quench: [md:   1/1000  scf:   2/200  step time:  42.00  scf time:   128.62 secs  RMS[dV]: 6.59e-04 ]
 quench: [md:   1/1000  scf:   3/200  step time:  40.06  scf time:   168.69 secs  RMS[dV]: 5.86e-04 ]
 quench: [md:   1/1000  scf:   4/200  step time:  40.91  scf time:   209.59 secs  RMS[dV]: 2.63e-04 ]
 quench: [md:   1/1000  scf:   5/200  step time:  41.19  scf time:   251.66 secs  RMS[dV]: 2.03e-04 ]
 quench: [md:   1/1000  scf:   6/200  step time:  41.56  scf time:   293.23 secs  RMS[dV]: 7.40e-05 ]
 quench: [md:   1/1000  scf:   7/200  step time:  40.25  scf time:   333.47 secs  RMS[dV]: 6.61e-05 ]
 quench: [md:   1/1000  scf:   8/200  step time:  43.20  scf time:   376.68 secs  RMS[dV]: 3.55e-05 ]
 quench: [md:   1/1000  scf:   9/200  step time:  44.01  scf time:   420.69 secs  RMS[dV]: 1.65e-05 ]
 quench: [md:   1/1000  scf:  10/200  step time:  45.04  scf time:   466.64 secs  RMS[dV]: 1.50e-05 ]
 quench: [md:   1/1000  scf:  11/200  step time:  45.63  scf time:   512.27 secs  RMS[dV]: 6.43e-06 ]
 quench: [md:   1/1000  scf:  12/200  step time:  47.74  scf time:   560.01 secs  RMS[dV]: 5.61e-06 ]
 quench: [md:   1/1000  scf:  13/200  step time:  45.31  scf time:   605.32 secs  RMS[dV]: 2.72e-06 ]
 quench: [md:   1/1000  scf:  14/200  step time:  46.33  scf time:   651.64 secs  RMS[dV]: 2.21e-06 ]
 quench: [md:   1/1000  scf:  15/200  step time:  45.03  scf time:   697.60 secs  RMS[dV]: 1.60e-06 ]
 quench: [md:   1/1000  scf:  16/200  step time:  44.64  scf time:   742.24 secs  RMS[dV]: 1.14e-06 ]
 quench: [md:   1/1000  scf:  17/200  step time:  44.12  scf time:   786.37 secs  RMS[dV]: 1.00e-06 ]
 quench: [md:   1/1000  scf:  18/200  step time:  47.38  scf time:   833.75 secs  RMS[dV]: 8.27e-07 ]
 quench: [md:   1/1000  scf:  19/200  step time:  45.24  scf time:   878.98 secs  RMS[dV]: 7.19e-07 ]
 quench: [md:   1/1000  scf:  20/200  step time:  45.79  scf time:   925.90 secs  RMS[dV]: 6.36e-07 ]
